2026-09-04 20:02:18,568 | INFO | 复制文件: C:\Users\Administrator\Desktop\编程经验\gui 设计\布局规划.txt
2026-09-04 20:02:18,717 | INFO | 复制文件: C:\Users\Administrator\Desktop\编程经验\gui 设计\布局规划.txt
2026-09-04 20:10:14,010 | ERROR | 读取文件失败: C:\Users\ADMINI~1\AppData\Local\Temp\tmpwr2qbmax\file1.txt - main thread is not in main loop
2026-09-04 20:10:59,207 | INFO | 复制文件: C:\Users\ADMINI~1\AppData\Local\Temp\tmpewx4exn_\file1.txt
2026-09-04 20:14:02,147 | INFO | 复制文件: C:\Users\ADMINI~1\AppData\Local\Temp\tmp5n6ivkdw\file1.txt
2026-09-04 20:14:08,511 | INFO | 复制文件: C:\Users\ADMINI~1\AppData\Local\Temp\tmp9udx0c1m\file1.txt
2026-09-04 20:14:16,683 | INFO | 复制文件: C:\Users\ADMINI~1\AppData\Local\Temp\tmprj77gu04\file1.txt
2026-09-04 20:14:24,047 | INFO | 复制文件: C:\Users\ADMINI~1\AppData\Local\Temp\tmpb324kix6\file1.txt
2026-09-04 20:14:34,730 | INFO | 复制文件: C:\Users\Administrator\Desktop\编程经验\多线程设计模板\性能测试与调优.txt
2026-09-04 20:14:35,119 | INFO | 复制文件: C:\Users\Administrator\Desktop\编程经验\多线程设计模板\性能测试与调优.txt
2026-09-04 20:14:35,623 | INFO | 复制文件: C:\Users\Administrator\Desktop\编程经验\多线程设计模板\异常处理与传播.txt
2026-09-04 20:14:36,040 | INFO | 复制文件: C:\Users\Administrator\Desktop\编程经验\多线程设计模板\任务取消与停止.txt
2026-09-04 20:14:36,224 | INFO | 复制文件: C:\Users\Administrator\Desktop\编程经验\代码重构设计模板\重构策略与步骤.txt
2026-09-04 20:14:36,535 | INFO | 复制文件: C:\Users\Administrator\Desktop\编程经验\代码重构设计模板\避免过度重构.txt
2026-09-04 20:14:36,935 | INFO | 复制文件: C:\Users\Administrator\Desktop\编程经验\代码重构设计模板\数据库与配置重构.txt
2026-09-04 20:14:37,071 | INFO | 复制文件: C:\Users\Administrator\Desktop\编程经验\代码重构设计模板\数据库与配置重构.txt
2026-09-04 20:14:37,230 | INFO | 复制文件: C:\Users\Administrator\Desktop\编程经验\代码重构设计模板\数据库与配置重构.txt
2026-09-04 20:14:37,424 | INFO | 复制文件: C:\Users\Administrator\Desktop\编程经验\代码重构设计模板\常见重构手法.txt
2026-09-04 20:14:37,583 | INFO | 复制文件: C:\Users\Administrator\Desktop\编程经验\代码重构设计模板\常见重构手法.txt
2026-09-04 20:14:37,855 | INFO | 复制文件: C:\Users\Administrator\Desktop\编程经验\代码重构设计模板\常见重构手法.txt
2026-09-04 20:14:38,735 | INFO | 复制文件: C:\Users\Administrator\Desktop\编程经验\代码重构设计模板\团队协作与代码审查.txt
2026-09-04 20:14:39,223 | INFO | 复制文件: C:\Users\Administrator\Desktop\编程经验\gui 设计\页面跳转与多页面管理.txt
2026-09-04 20:14:39,543 | INFO | 复制文件: C:\Users\Administrator\Desktop\编程经验\gui 设计\页面跳转与多页面管理.txt
2026-09-04 20:14:40,495 | INFO | 复制文件: C:\Users\Administrator\Desktop\编程经验\代码重构设计模板\重构策略与步骤.txt
2026-09-04 20:14:40,775 | INFO | 复制文件: C:\Users\Administrator\Desktop\编程经验\多线程设计模板\多线程设计模板扩展索引（按需深入.txt
2026-09-04 20:14:40,958 | INFO | 复制文件: C:\Users\Administrator\Desktop\编程经验\多线程设计模板\性能测试与调优.txt
2026-09-04 20:14:41,247 | INFO | 复制文件: C:\Users\Administrator\Desktop\编程经验\多线程设计模板\死锁的典型场景.txt
2026-09-04 20:14:41,399 | INFO | 复制文件: C:\Users\Administrator\Desktop\编程经验\多线程设计模板\算力抢占与资源竞争.txt
2026-09-04 20:14:41,511 | INFO | 复制文件: C:\Users\Administrator\Desktop\编程经验\多线程设计模板\算力抢占与资源竞争.txt
2026-09-04 20:14:41,663 | INFO | 复制文件: C:\Users\Administrator\Desktop\编程经验\多线程设计模板\线程局部存储（Thread-local）.txt
2026-09-04 20:14:42,015 | INFO | 复制文件: C:\Users\Administrator\Desktop\编程经验\多线程设计模板\线程数的合理设置.txt
2026-09-04 20:14:42,239 | INFO | 复制文件: C:\Users\Administrator\Desktop\编程经验\多线程设计模板\线程数的合理设置.txt
2026-09-05 09:01:39,924 | INFO | 更换根文件夹为: C:/Users/Administrator/Desktop/python检测工具
2026-09-05 09:08:33,887 | INFO | 导出提示词
